---
source: src/tests/grammar/alpha034.rs
expression: "parse(r#\"\"\\\"text in quotes\\\" \\\\\"\"#).unwrap()"
---
Statement(
    [
        Statement(
            Expression(
                Text(
                    (),
                    [
                        Escape(
                            (),
                            "\"",
                        ),
                        Text(
                            "text in quotes",
                        ),
                        Escape(
                            (),
                            "\"",
                        ),
                        Text(
                            " ",
                        ),
                        Escape(
                            (),
                            "\\",
                        ),
                    ],
                    (),
                ),
            ),
        ),
    ],
)
