---
source: src/tests/grammar/alpha034.rs
expression: "parse(\"func(1)\").unwrap()"
---
Statement(
    [
        Statement(
            Expression(
                FunctionInvocation(
                    Variable(
                        "func",
                    ),
                    (),
                    [
                        Number(
                            1.0,
                        ),
                    ],
                    (),
                ),
            ),
        ),
    ],
)
