---
source: src/tests/grammar/alpha034.rs
expression: "parse(\"true and false\").unwrap()"
---
Statement(
    [
        Statement(
            Expression(
                And(
                    Boolean(
                        True,
                    ),
                    (),
                    Boolean(
                        False,
                    ),
                ),
            ),
        ),
    ],
)
