---
source: src/tests/grammar/alpha034.rs
expression: "parse(\"\\\"Hello, world!\\\"\").unwrap()"
---
Statement(
    [
        Statement(
            Expression(
                Text(
                    (),
                    [
                        Text(
                            "Hello, world!",
                        ),
                    ],
                    (),
                ),
            ),
        ),
    ],
)
