---
source: tests/grammar/alpha034.rs
expression: "parse_unwrap(&tokenize(\"1 as Num as Text\"))"
---
[
    (
        Statement(
            (
                Expression(
                    (
                        Cast(
                            (
                                Cast(
                                    (
                                        Number(
                                            (
                                                1.0,
                                                0..1,
                                            ),
                                        ),
                                        0..1,
                                    ),
                                    (
                                        "as",
                                        2..4,
                                    ),
                                    (
                                        Num,
                                        5..8,
                                    ),
                                ),
                                0..8,
                            ),
                            (
                                "as",
                                9..11,
                            ),
                            (
                                Text,
                                12..16,
                            ),
                        ),
                        0..16,
                    ),
                ),
                0..16,
            ),
        ),
        0..16,
    ),
]
