---
source: tests/grammar/alpha034.rs
expression: "parse(\"echo 1\").unwrap()"
---
Statement(
    [
        Statement(
            Statement(
                Echo(
                    (),
                    Number(
                        1.0,
                    ),
                ),
                None,
            ),
        ),
    ],
)
