---
source: tests/grammar/alpha034.rs
expression: "parse(\"\n    5 + 5 +;\n    echo 10\")"
---
(
    Some(
        [
            (
                Statement(
                    (
                        Expression(
                            (
                                Add(
                                    (
                                        Number(
                                            (
                                                5.0,
                                                5..6,
                                            ),
                                        ),
                                        5..6,
                                    ),
                                    (
                                        Number(
                                            (
                                                5.0,
                                                9..10,
                                            ),
                                        ),
                                        9..10,
                                    ),
                                ),
                                5..10,
                            ),
                        ),
                        5..10,
                    ),
                ),
                5..10,
            ),
            (
                Statement(
                    (
                        Echo(
                            (
                                Number(
                                    (
                                        10.0,
                                        23..25,
                                    ),
                                ),
                                23..25,
                            ),
                        ),
                        18..25,
                    ),
                ),
                18..25,
            ),
        ],
    ),
    [
        Simple {
            span: 11..12,
            reason: Unexpected,
            expected: {
                Some(
                    Token(
                        "true",
                    ),
                ),
                Some(
                    Token(
                        "not",
                    ),
                ),
                Some(
                    Token(
                        "null",
                    ),
                ),
                Some(
                    Token(
                        "continue",
                    ),
                ),
                Some(
                    Token(
                        "false",
                    ),
                ),
                Some(
                    Token(
                        "unsafe",
                    ),
                ),
                Some(
                    Token(
                        "return",
                    ),
                ),
                Some(
                    Token(
                        "import",
                    ),
                ),
                Some(
                    Token(
                        "nameof",
                    ),
                ),
                Some(
                    Token(
                        "(",
                    ),
                ),
                Some(
                    Token(
                        "let",
                    ),
                ),
                Some(
                    Token(
                        "status",
                    ),
                ),
                Some(
                    Token(
                        "break",
                    ),
                ),
                Some(
                    Token(
                        "{",
                    ),
                ),
                Some(
                    Token(
                        "\"",
                    ),
                ),
                Some(
                    Token(
                        "main",
                    ),
                ),
                Some(
                    Token(
                        "-",
                    ),
                ),
                Some(
                    Token(
                        "$",
                    ),
                ),
                Some(
                    Token(
                        "silent",
                    ),
                ),
                Some(
                    Token(
                        "if",
                    ),
                ),
                Some(
                    Token(
                        "fail",
                    ),
                ),
                Some(
                    Token(
                        "loop",
                    ),
                ),
                Some(
                    Token(
                        "fun",
                    ),
                ),
                Some(
                    Token(
                        "[",
                    ),
                ),
                Some(
                    Token(
                        "echo",
                    ),
                ),
            },
            found: Some(
                Token(
                    "+",
                ),
            ),
            label: None,
        },
    ],
)
