---
source: tests/grammar/alpha034.rs
expression: "parse(&tokenize(r#\"\"\\\"#))"
---
(
    Some(
        [
            (
                Statement(
                    (
                        Expression(
                            (
                                Text(
                                    [],
                                ),
                                0..2,
                            ),
                        ),
                        0..2,
                    ),
                ),
                0..2,
            ),
        ],
    ),
    [
        found end of input at 1..2 expected something else,
    ],
)
