---
source: tests/grammar/alpha034.rs
expression: "parse(&tokenize(\"[\"))"
---
(
    Some(
        [
            (
                Statement(
                    (
                        Expression(
                            (
                                Array(
                                    [],
                                ),
                                0..1,
                            ),
                        ),
                        0..1,
                    ),
                ),
                0..1,
            ),
        ],
    ),
    [
        found end of input at 0..1 expected "expression", or '"]"',
    ],
)
