---
source: tests/grammar/alpha034.rs
expression: "parse(\"silent\").unwrap()"
---
Statement(
    [
        Statement(
            Statement(
                CommandModifier(
                    Silent(
                        (),
                    ),
                ),
                None,
            ),
        ),
    ],
)
