---
source: tests/grammar/alpha034.rs
expression: "parse(\"unsafe silent {}\").unwrap()"
---
[
    (
        Statement(
            (
                CommandModifier(
                    (
                        Unsafe,
                        0..6,
                    ),
                ),
                0..6,
            ),
        ),
        0..6,
    ),
    (
        Statement(
            (
                CommandModifier(
                    (
                        Silent,
                        7..13,
                    ),
                ),
                7..13,
            ),
        ),
        7..13,
    ),
    (
        Statement(
            (
                Block(
                    (
                        Block(
                            [],
                        ),
                        14..16,
                    ),
                ),
                14..16,
            ),
        ),
        14..16,
    ),
]
