---
source: tests/grammar/alpha034.rs
expression: "parse(\"1..2\").unwrap()"
---
Statement(
    [
        Statement(
            Statement(
                Expression(
                    Range(
                        Number(
                            1.0,
                        ),
                        (),
                        None,
                        Number(
                            2.0,
                        ),
                    ),
                ),
                None,
            ),
        ),
    ],
)
