---
source: tests/grammar/alpha034.rs
expression: "parse(\"1 % 2 % 3\").unwrap()"
---
[
    (
        Statement(
            (
                Expression(
                    (
                        Modulo(
                            (
                                Modulo(
                                    (
                                        Number(
                                            (
                                                1.0,
                                                0..1,
                                            ),
                                        ),
                                        0..1,
                                    ),
                                    (
                                        Number(
                                            (
                                                2.0,
                                                4..5,
                                            ),
                                        ),
                                        4..5,
                                    ),
                                ),
                                0..5,
                            ),
                            (
                                Number(
                                    (
                                        3.0,
                                        8..9,
                                    ),
                                ),
                                8..9,
                            ),
                        ),
                        0..9,
                    ),
                ),
                0..9,
            ),
        ),
        0..9,
    ),
]
