---
source: tests/grammar/alpha034.rs
expression: "parse(\"\\\"Hello, {name}! How are you?\\\"\").unwrap()"
---
Statement(
    [
        Expression(
            Text(
                [
                    Text(
                        "Hello, ",
                    ),
                    Expression(
                        Var(
                            "name",
                        ),
                    ),
                    Text(
                        "! How are you?",
                    ),
                ],
            ),
        ),
    ],
)
