---
source: tests/grammar/alpha034.rs
expression: "parse(\"null\").unwrap()"
---
Statement(
    [
        Statement(
            Statement(
                Expression(
                    Null(
                        (),
                    ),
                ),
                None,
            ),
        ),
    ],
)
