---
source: tests/grammar/alpha034.rs
expression: "parse(\"true or false and true and true or false\").unwrap()"
---
Statement(
    [
        Expression(
            Or(
                Or(
                    Boolean(
                        true,
                    ),
                    And(
                        And(
                            Boolean(
                                false,
                            ),
                            Boolean(
                                true,
                            ),
                        ),
                        Boolean(
                            true,
                        ),
                    ),
                ),
                Boolean(
                    false,
                ),
            ),
        ),
    ],
)
