---
source: tests/grammar/alpha034.rs
expression: "parse(&tokenize(r#\"\n        import {}\n\n    \"#))"
---
(
    Some(
        [
            (
                Import(
                    (
                        false,
                        9..15,
                    ),
                    (
                        "import",
                        9..15,
                    ),
                    (
                        ImportSpecific(
                            [],
                        ),
                        16..18,
                    ),
                    (
                        "from",
                        9..18,
                    ),
                    (
                        "",
                        9..18,
                    ),
                ),
                9..18,
            ),
        ],
    ),
    [
        found end of input at 9..18 expected '"from"',
        found end of input at 9..18 expected '"\""',
    ],
)
