---
source: tests/grammar/alpha034.rs
expression: "parse_unwrap(r#\"\"\\\"text in quotes\\\" \\\\\"\"#)"
---
[
    (
        Statement(
            (
                Expression(
                    (
                        Text(
                            [
                                (
                                    Escape(
                                        (
                                            "\"",
                                            1..3,
                                        ),
                                    ),
                                    1..3,
                                ),
                                (
                                    Text(
                                        (
                                            "text",
                                            3..7,
                                        ),
                                    ),
                                    3..7,
                                ),
                                (
                                    Text(
                                        (
                                            "in",
                                            8..10,
                                        ),
                                    ),
                                    8..10,
                                ),
                                (
                                    Text(
                                        (
                                            "quotes",
                                            11..17,
                                        ),
                                    ),
                                    11..17,
                                ),
                                (
                                    Escape(
                                        (
                                            "\"",
                                            17..19,
                                        ),
                                    ),
                                    17..19,
                                ),
                                (
                                    Escape(
                                        (
                                            "\\",
                                            20..22,
                                        ),
                                    ),
                                    20..22,
                                ),
                            ],
                        ),
                        0..23,
                    ),
                ),
                0..23,
            ),
        ),
        0..23,
    ),
]
