---
source: tests/grammar/alpha034.rs
expression: "parse_unwrap(&tokenize(\"func()\"))"
---
[
    (
        Statement(
            (
                Expression(
                    (
                        FunctionInvocation(
                            [],
                            (
                                "func",
                                0..4,
                            ),
                            [],
                            None,
                        ),
                        0..6,
                    ),
                ),
                0..6,
            ),
        ),
        0..6,
    ),
]
