---
source: tests/grammar/alpha034.rs
expression: "parse(\"a -= 10\").unwrap()"
---
Statement(
    [
        Statement(
            Statement(
                ShorthandSub(
                    "a",
                    (),
                    Number(
                        10.0,
                    ),
                ),
                None,
            ),
        ),
    ],
)
