---
source: tests/grammar/alpha034.rs
expression: "parse(\"$command {unclosed interpolation$ let x = 10\")"
---
(
    Some(
        [
            (
                Statement(
                    (
                        Expression(
                            (
                                Command(
                                    [
                                        (
                                            Text(
                                                "command",
                                            ),
                                            1..8,
                                        ),
                                        (
                                            Expression(
                                                (
                                                    Var(
                                                        (
                                                            "unclosed",
                                                            10..18,
                                                        ),
                                                    ),
                                                    10..18,
                                                ),
                                            ),
                                            9..18,
                                        ),
                                        (
                                            Text(
                                                "interpolation",
                                            ),
                                            19..32,
                                        ),
                                    ],
                                    None,
                                ),
                                0..33,
                            ),
                        ),
                        0..33,
                    ),
                ),
                0..33,
            ),
            (
                Statement(
                    (
                        VariableInit(
                            (
                                "x",
                                38..39,
                            ),
                            (
                                Number(
                                    (
                                        10.0,
                                        42..44,
                                    ),
                                ),
                                42..44,
                            ),
                        ),
                        34..44,
                    ),
                ),
                34..44,
            ),
        ],
    ),
    [
        Simple {
            span: 19..32,
            reason: Unexpected,
            expected: {
                Some(
                    Token(
                        "}",
                    ),
                ),
            },
            found: Some(
                Token(
                    "interpolation",
                ),
            ),
            label: Some(
                "expression",
            ),
        },
    ],
)
