---
source: tests/grammar/alpha034.rs
expression: "parse(\"true and false and true\").unwrap()"
---
Statement(
    [
        Statement(
            Statement(
                Expression(
                    And(
                        And(
                            Boolean(
                                True,
                            ),
                            (),
                            Boolean(
                                False,
                            ),
                        ),
                        (),
                        Boolean(
                            True,
                        ),
                    ),
                ),
                None,
            ),
        ),
    ],
)
