---
source: tests/grammar/alpha034.rs
expression: "parse(\"$$?\").unwrap()"
---
Statement(
    [
        Statement(
            Statement(
                Expression(
                    Command(
                        (),
                        [],
                        (),
                        Some(
                            Propagate(
                                (),
                            ),
                        ),
                    ),
                ),
                None,
            ),
        ),
    ],
)
