---
source: tests/grammar/alpha034.rs
expression: "parse(\"true and false and true\").unwrap()"
---
Statement(
    [
        Expression(
            And(
                And(
                    Boolean(
                        true,
                    ),
                    Boolean(
                        false,
                    ),
                ),
                Boolean(
                    true,
                ),
            ),
        ),
    ],
)
