---
source: tests/grammar/alpha034.rs
expression: "parse(\"foo()?\").unwrap()"
---
Statement(
    [
        Expression(
            FunctionInvocation(
                "foo",
                [],
                Some(
                    Propagate,
                ),
            ),
        ),
    ],
)
