---
source: tests/grammar/alpha034.rs
expression: "parse(\"let a = 10 + 2 * 3\").unwrap()"
---
Statement(
    [
        Statement(
            Statement(
                VariableInit(
                    (),
                    Variable(
                        "a",
                    ),
                    (),
                    Add(
                        Number(
                            10.0,
                        ),
                        (),
                        Multiply(
                            Number(
                                2.0,
                            ),
                            (),
                            Number(
                                3.0,
                            ),
                        ),
                    ),
                ),
                None,
            ),
        ),
    ],
)
