---
source: tests/grammar/alpha034.rs
expression: "parse(\"foo()?\").unwrap()"
---
Statement(
    [
        Statement(
            Statement(
                Expression(
                    FunctionInvocation(
                        Variable(
                            "foo",
                        ),
                        (),
                        [],
                        (),
                        Some(
                            Propagate(
                                (),
                            ),
                        ),
                    ),
                ),
                None,
            ),
        ),
    ],
)
