---
source: tests/grammar/alpha034.rs
expression: "parse(\"  0 \").unwrap()"
---
[
    (
        Statement(
            (
                Expression(
                    (
                        Number(
                            (
                                0.0,
                                2..3,
                            ),
                        ),
                        2..3,
                    ),
                ),
                2..3,
            ),
        ),
        2..3,
    ),
]
