---
source: tests/grammar/alpha034.rs
expression: "parse_unwrap(\"$$ failed {}\")"
---
[
    (
        Statement(
            (
                Expression(
                    (
                        Command(
                            [],
                            Some(
                                (
                                    Handle(
                                        [],
                                    ),
                                    3..12,
                                ),
                            ),
                        ),
                        0..12,
                    ),
                ),
                0..12,
            ),
        ),
        0..12,
    ),
]
