---
source: tests/grammar/alpha040.rs
expression: parse_unwrap(&tokenize(&stdlib))
---
[
    (
        Statement(
            (
                Comment(
                    (
                        DocString(
                            "Returns index of the first value found in the specified array.",
                        ),
                        0..67,
                    ),
                ),
                0..67,
            ),
        ),
        0..67,
    ),
    (
        Statement(
            (
                Comment(
                    (
                        DocString(
                            "",
                        ),
                        67..71,
                    ),
                ),
                67..71,
            ),
        ),
        67..71,
    ),
    (
        Statement(
            (
                Comment(
                    (
                        DocString(
                            "If the value is not found, the function returns -1.",
                        ),
                        71..127,
                    ),
                ),
                71..127,
            ),
        ),
        71..127,
    ),
    (
        FunctionDefinition(
            [],
            (
                true,
                127..130,
            ),
            (
                "fun",
                131..134,
            ),
            (
                "array_find",
                135..145,
            ),
            [
                (
                    Generic(
                        (
                            false,
                            146..146,
                        ),
                        (
                            "array",
                            146..151,
                        ),
                    ),
                    146..151,
                ),
                (
                    Generic(
                        (
                            false,
                            153..152,
                        ),
                        (
                            "value",
                            153..158,
                        ),
                    ),
                    153..158,
                ),
            ],
            Some(
                (
                    Num,
                    161..164,
                ),
            ),
            [
                (
                    IterLoop(
                        (
                            "for",
                            171..174,
                        ),
                        (
                            WithIndex(
                                (
                                    "index",
                                    175..180,
                                ),
                                (
                                    "element",
                                    182..189,
                                ),
                            ),
                            175..189,
                        ),
                        (
                            "in",
                            190..192,
                        ),
                        (
                            Var(
                                (
                                    "array",
                                    193..198,
                                ),
                            ),
                            193..198,
                        ),
                        (
                            Block(
                                [],
                                [
                                    (
                                        IfCondition(
                                            (
                                                "if",
                                                209..211,
                                            ),
                                            (
                                                IfCondition(
                                                    (
                                                        Eq(
                                                            (
                                                                Cast(
                                                                    (
                                                                        Var(
                                                                            (
                                                                                "value",
                                                                                212..217,
                                                                            ),
                                                                        ),
                                                                        212..217,
                                                                    ),
                                                                    (
                                                                        "as",
                                                                        218..220,
                                                                    ),
                                                                    (
                                                                        Text,
                                                                        221..225,
                                                                    ),
                                                                ),
                                                                212..225,
                                                            ),
                                                            (
                                                                Cast(
                                                                    (
                                                                        Var(
                                                                            (
                                                                                "element",
                                                                                229..236,
                                                                            ),
                                                                        ),
                                                                        229..236,
                                                                    ),
                                                                    (
                                                                        "as",
                                                                        237..239,
                                                                    ),
                                                                    (
                                                                        Text,
                                                                        240..244,
                                                                    ),
                                                                ),
                                                                229..244,
                                                            ),
                                                        ),
                                                        212..244,
                                                    ),
                                                    (
                                                        Block(
                                                            [],
                                                            [
                                                                (
                                                                    Return(
                                                                        (
                                                                            "return",
                                                                            259..265,
                                                                        ),
                                                                        Some(
                                                                            (
                                                                                Var(
                                                                                    (
                                                                                        "index",
                                                                                        266..271,
                                                                                    ),
                                                                                ),
                                                                                266..271,
                                                                            ),
                                                                        ),
                                                                    ),
                                                                    259..271,
                                                                ),
                                                            ],
                                                        ),
                                                        245..281,
                                                    ),
                                                ),
                                                212..281,
                                            ),
                                            [],
                                            None,
                                        ),
                                        209..281,
                                    ),
                                ],
                            ),
                            199..287,
                        ),
                    ),
                    171..287,
                ),
                (
                    Return(
                        (
                            "return",
                            292..298,
                        ),
                        Some(
                            (
                                Neg(
                                    (
                                        "-",
                                        299..300,
                                    ),
                                    (
                                        Number(
                                            (
                                                1.0,
                                                300..301,
                                            ),
                                        ),
                                        300..301,
                                    ),
                                ),
                                300..301,
                            ),
                        ),
                    ),
                    292..301,
                ),
            ],
        ),
        127..303,
    ),
    (
        Statement(
            (
                Comment(
                    (
                        DocString(
                            "Searches for a value in an array and returns an array with the index of the various items.",
                        ),
                        305..400,
                    ),
                ),
                305..400,
            ),
        ),
        305..400,
    ),
    (
        FunctionDefinition(
            [],
            (
                true,
                400..403,
            ),
            (
                "fun",
                404..407,
            ),
            (
                "array_find_all",
                408..422,
            ),
            [
                (
                    Generic(
                        (
                            false,
                            423..423,
                        ),
                        (
                            "array",
                            423..428,
                        ),
                    ),
                    423..428,
                ),
                (
                    Generic(
                        (
                            false,
                            430..429,
                        ),
                        (
                            "value",
                            430..435,
                        ),
                    ),
                    430..435,
                ),
            ],
            Some(
                (
                    [Num],
                    438..443,
                ),
            ),
            [
                (
                    VariableInit(
                        (
                            "let",
                            450..453,
                        ),
                        (
                            "result",
                            454..460,
                        ),
                        (
                            DataType(
                                (
                                    [Num],
                                    463..468,
                                ),
                            ),
                            463..468,
                        ),
                    ),
                    450..468,
                ),
                (
                    IterLoop(
                        (
                            "for",
                            473..476,
                        ),
                        (
                            WithIndex(
                                (
                                    "index",
                                    477..482,
                                ),
                                (
                                    "element",
                                    484..491,
                                ),
                            ),
                            477..491,
                        ),
                        (
                            "in",
                            492..494,
                        ),
                        (
                            Var(
                                (
                                    "array",
                                    495..500,
                                ),
                            ),
                            495..500,
                        ),
                        (
                            Block(
                                [],
                                [
                                    (
                                        IfCondition(
                                            (
                                                "if",
                                                511..513,
                                            ),
                                            (
                                                IfCondition(
                                                    (
                                                        Eq(
                                                            (
                                                                Cast(
                                                                    (
                                                                        Var(
                                                                            (
                                                                                "value",
                                                                                514..519,
                                                                            ),
                                                                        ),
                                                                        514..519,
                                                                    ),
                                                                    (
                                                                        "as",
                                                                        520..522,
                                                                    ),
                                                                    (
                                                                        Text,
                                                                        523..527,
                                                                    ),
                                                                ),
                                                                514..527,
                                                            ),
                                                            (
                                                                Cast(
                                                                    (
                                                                        Var(
                                                                            (
                                                                                "element",
                                                                                531..538,
                                                                            ),
                                                                        ),
                                                                        531..538,
                                                                    ),
                                                                    (
                                                                        "as",
                                                                        539..541,
                                                                    ),
                                                                    (
                                                                        Text,
                                                                        542..546,
                                                                    ),
                                                                ),
                                                                531..546,
                                                            ),
                                                        ),
                                                        514..546,
                                                    ),
                                                    (
                                                        Block(
                                                            [],
                                                            [
                                                                (
                                                                    ShorthandAdd(
                                                                        (
                                                                            "result",
                                                                            561..567,
                                                                        ),
                                                                        (
                                                                            Array(
                                                                                [
                                                                                    (
                                                                                        Var(
                                                                                            (
                                                                                                "index",
                                                                                                572..577,
                                                                                            ),
                                                                                        ),
                                                                                        572..577,
                                                                                    ),
                                                                                ],
                                                                            ),
                                                                            571..578,
                                                                        ),
                                                                    ),
                                                                    561..578,
                                                                ),
                                                            ],
                                                        ),
                                                        547..588,
                                                    ),
                                                ),
                                                514..588,
                                            ),
                                            [],
                                            None,
                                        ),
                                        511..588,
                                    ),
                                ],
                            ),
                            501..594,
                        ),
                    ),
                    473..594,
                ),
                (
                    Return(
                        (
                            "return",
                            599..605,
                        ),
                        Some(
                            (
                                Var(
                                    (
                                        "result",
                                        606..612,
                                    ),
                                ),
                                606..612,
                            ),
                        ),
                    ),
                    599..612,
                ),
            ],
        ),
        400..614,
    ),
    (
        Statement(
            (
                Comment(
                    (
                        DocString(
                            "Checks if a value is in the array.",
                        ),
                        616..655,
                    ),
                ),
                616..655,
            ),
        ),
        616..655,
    ),
    (
        FunctionDefinition(
            [],
            (
                true,
                655..658,
            ),
            (
                "fun",
                659..662,
            ),
            (
                "array_contains",
                663..677,
            ),
            [
                (
                    Generic(
                        (
                            false,
                            678..678,
                        ),
                        (
                            "array",
                            678..683,
                        ),
                    ),
                    678..683,
                ),
                (
                    Generic(
                        (
                            false,
                            685..684,
                        ),
                        (
                            "value",
                            685..690,
                        ),
                    ),
                    685..690,
                ),
            ],
            None,
            [
                (
                    VariableInit(
                        (
                            "let",
                            698..701,
                        ),
                        (
                            "result",
                            702..708,
                        ),
                        (
                            Expression(
                                (
                                    FunctionInvocation(
                                        [],
                                        (
                                            "array_find",
                                            711..721,
                                        ),
                                        [
                                            (
                                                Var(
                                                    (
                                                        "array",
                                                        722..727,
                                                    ),
                                                ),
                                                722..727,
                                            ),
                                            (
                                                Var(
                                                    (
                                                        "value",
                                                        729..734,
                                                    ),
                                                ),
                                                729..734,
                                            ),
                                        ],
                                        None,
                                    ),
                                    711..735,
                                ),
                            ),
                            711..735,
                        ),
                    ),
                    698..735,
                ),
                (
                    Return(
                        (
                            "return",
                            740..746,
                        ),
                        Some(
                            (
                                Ge(
                                    (
                                        Var(
                                            (
                                                "result",
                                                747..753,
                                            ),
                                        ),
                                        747..753,
                                    ),
                                    (
                                        Number(
                                            (
                                                0.0,
                                                757..758,
                                            ),
                                        ),
                                        757..758,
                                    ),
                                ),
                                747..758,
                            ),
                        ),
                    ),
                    740..758,
                ),
            ],
        ),
        655..760,
    ),
    (
        Statement(
            (
                Comment(
                    (
                        DocString(
                            "Returns the first element in the array; if the array is empty, the return",
                        ),
                        762..840,
                    ),
                ),
                762..840,
            ),
        ),
        762..840,
    ),
    (
        Statement(
            (
                Comment(
                    (
                        DocString(
                            "value is undefined.",
                        ),
                        840..864,
                    ),
                ),
                840..864,
            ),
        ),
        840..864,
    ),
    (
        FunctionDefinition(
            [],
            (
                true,
                864..867,
            ),
            (
                "fun",
                868..871,
            ),
            (
                "array_first",
                872..883,
            ),
            [
                (
                    Generic(
                        (
                            false,
                            884..884,
                        ),
                        (
                            "array",
                            884..889,
                        ),
                    ),
                    884..889,
                ),
            ],
            None,
            [
                (
                    Return(
                        (
                            "return",
                            897..903,
                        ),
                        Some(
                            (
                                ArrayIndex(
                                    (
                                        Var(
                                            (
                                                "array",
                                                904..909,
                                            ),
                                        ),
                                        904..909,
                                    ),
                                    (
                                        Number(
                                            (
                                                0.0,
                                                910..911,
                                            ),
                                        ),
                                        910..911,
                                    ),
                                ),
                                904..911,
                            ),
                        ),
                    ),
                    897..912,
                ),
            ],
        ),
        864..914,
    ),
    (
        Statement(
            (
                Comment(
                    (
                        DocString(
                            "Returns the last element in the array; if the array is empty, the return",
                        ),
                        916..993,
                    ),
                ),
                916..993,
            ),
        ),
        916..993,
    ),
    (
        Statement(
            (
                Comment(
                    (
                        DocString(
                            "value is undefined.",
                        ),
                        993..1017,
                    ),
                ),
                993..1017,
            ),
        ),
        993..1017,
    ),
    (
        FunctionDefinition(
            [],
            (
                true,
                1017..1020,
            ),
            (
                "fun",
                1021..1024,
            ),
            (
                "array_last",
                1025..1035,
            ),
            [
                (
                    Generic(
                        (
                            false,
                            1036..1036,
                        ),
                        (
                            "array",
                            1036..1041,
                        ),
                    ),
                    1036..1041,
                ),
            ],
            None,
            [
                (
                    VariableInit(
                        (
                            "let",
                            1049..1052,
                        ),
                        (
                            "index",
                            1053..1058,
                        ),
                        (
                            Expression(
                                (
                                    Subtract(
                                        (
                                            FunctionInvocation(
                                                [],
                                                (
                                                    "len",
                                                    1061..1064,
                                                ),
                                                [
                                                    (
                                                        Var(
                                                            (
                                                                "array",
                                                                1065..1070,
                                                            ),
                                                        ),
                                                        1065..1070,
                                                    ),
                                                ],
                                                None,
                                            ),
                                            1061..1071,
                                        ),
                                        (
                                            Number(
                                                (
                                                    1.0,
                                                    1074..1075,
                                                ),
                                            ),
                                            1074..1075,
                                        ),
                                    ),
                                    1061..1075,
                                ),
                            ),
                            1061..1075,
                        ),
                    ),
                    1049..1075,
                ),
                (
                    Return(
                        (
                            "return",
                            1080..1086,
                        ),
                        Some(
                            (
                                ArrayIndex(
                                    (
                                        Var(
                                            (
                                                "array",
                                                1087..1092,
                                            ),
                                        ),
                                        1087..1092,
                                    ),
                                    (
                                        Var(
                                            (
                                                "index",
                                                1093..1098,
                                            ),
                                        ),
                                        1093..1098,
                                    ),
                                ),
                                1087..1098,
                            ),
                        ),
                    ),
                    1080..1099,
                ),
            ],
        ),
        1017..1101,
    ),
    (
        Statement(
            (
                Comment(
                    (
                        DocString(
                            "Removes an element at the index from the array; if the index is negative",
                        ),
                        1103..1180,
                    ),
                ),
                1103..1180,
            ),
        ),
        1103..1180,
    ),
    (
        Statement(
            (
                Comment(
                    (
                        DocString(
                            "or beyond the end, the return value is undefined, but the array will be",
                        ),
                        1180..1256,
                    ),
                ),
                1180..1256,
            ),
        ),
        1180..1256,
    ),
    (
        Statement(
            (
                Comment(
                    (
                        DocString(
                            "unchanged.",
                        ),
                        1256..1271,
                    ),
                ),
                1256..1271,
            ),
        ),
        1256..1271,
    ),
    (
        FunctionDefinition(
            [],
            (
                true,
                1271..1274,
            ),
            (
                "fun",
                1275..1278,
            ),
            (
                "array_remove_at",
                1279..1294,
            ),
            [
                (
                    Typed(
                        (
                            true,
                            1295..1298,
                        ),
                        (
                            "array",
                            1299..1304,
                        ),
                        (
                            [Any],
                            1306..1308,
                        ),
                    ),
                    1295..1308,
                ),
                (
                    Typed(
                        (
                            false,
                            1310..1309,
                        ),
                        (
                            "index",
                            1310..1315,
                        ),
                        (
                            Num,
                            1317..1320,
                        ),
                    ),
                    1310..1320,
                ),
            ],
            Some(
                (
                    Null,
                    1323..1327,
                ),
            ),
            [
                (
                    VariableInit(
                        (
                            "let",
                            1334..1337,
                        ),
                        (
                            "offset",
                            1338..1344,
                        ),
                        (
                            Expression(
                                (
                                    Add(
                                        (
                                            Var(
                                                (
                                                    "index",
                                                    1347..1352,
                                                ),
                                            ),
                                            1347..1352,
                                        ),
                                        (
                                            Number(
                                                (
                                                    1.0,
                                                    1355..1356,
                                                ),
                                            ),
                                            1355..1356,
                                        ),
                                    ),
                                    1347..1356,
                                ),
                            ),
                            1347..1356,
                        ),
                    ),
                    1334..1356,
                ),
                (
                    VariableInit(
                        (
                            "let",
                            1361..1364,
                        ),
                        (
                            "length",
                            1365..1371,
                        ),
                        (
                            Expression(
                                (
                                    FunctionInvocation(
                                        [],
                                        (
                                            "len",
                                            1374..1377,
                                        ),
                                        [
                                            (
                                                Var(
                                                    (
                                                        "array",
                                                        1378..1383,
                                                    ),
                                                ),
                                                1378..1383,
                                            ),
                                        ],
                                        None,
                                    ),
                                    1374..1384,
                                ),
                            ),
                            1374..1384,
                        ),
                    ),
                    1361..1384,
                ),
                (
                    VariableSet(
                        (
                            "array",
                            1389..1394,
                        ),
                        (
                            Add(
                                (
                                    ArrayIndex(
                                        (
                                            Var(
                                                (
                                                    "array",
                                                    1397..1402,
                                                ),
                                            ),
                                            1397..1402,
                                        ),
                                        (
                                            Range(
                                                (
                                                    Number(
                                                        (
                                                            0.0,
                                                            1403..1404,
                                                        ),
                                                    ),
                                                    1403..1404,
                                                ),
                                                (
                                                    Var(
                                                        (
                                                            "index",
                                                            1406..1411,
                                                        ),
                                                    ),
                                                    1406..1411,
                                                ),
                                            ),
                                            1403..1411,
                                        ),
                                    ),
                                    1397..1411,
                                ),
                                (
                                    ArrayIndex(
                                        (
                                            Var(
                                                (
                                                    "array",
                                                    1415..1420,
                                                ),
                                            ),
                                            1415..1420,
                                        ),
                                        (
                                            Range(
                                                (
                                                    Var(
                                                        (
                                                            "offset",
                                                            1421..1427,
                                                        ),
                                                    ),
                                                    1421..1427,
                                                ),
                                                (
                                                    Var(
                                                        (
                                                            "length",
                                                            1429..1435,
                                                        ),
                                                    ),
                                                    1429..1435,
                                                ),
                                            ),
                                            1421..1435,
                                        ),
                                    ),
                                    1415..1435,
                                ),
                            ),
                            1397..1435,
                        ),
                    ),
                    1389..1436,
                ),
            ],
        ),
        1271..1438,
    ),
    (
        Statement(
            (
                Comment(
                    (
                        DocString(
                            "Removes an element at the index from the array, and returns it; if the",
                        ),
                        1440..1515,
                    ),
                ),
                1440..1515,
            ),
        ),
        1440..1515,
    ),
    (
        Statement(
            (
                Comment(
                    (
                        DocString(
                            "index is negative or beyond the end, the return value is undefined, but",
                        ),
                        1515..1591,
                    ),
                ),
                1515..1591,
            ),
        ),
        1515..1591,
    ),
    (
        Statement(
            (
                Comment(
                    (
                        DocString(
                            "the array will be unchanged.",
                        ),
                        1591..1624,
                    ),
                ),
                1591..1624,
            ),
        ),
        1591..1624,
    ),
    (
        FunctionDefinition(
            [],
            (
                true,
                1624..1627,
            ),
            (
                "fun",
                1628..1631,
            ),
            (
                "array_extract_at",
                1632..1648,
            ),
            [
                (
                    Generic(
                        (
                            true,
                            1649..1652,
                        ),
                        (
                            "array",
                            1649..1658,
                        ),
                    ),
                    1649..1658,
                ),
                (
                    Generic(
                        (
                            false,
                            1660..1659,
                        ),
                        (
                            "index",
                            1660..1665,
                        ),
                    ),
                    1660..1665,
                ),
            ],
            None,
            [
                (
                    VariableInit(
                        (
                            "let",
                            1673..1676,
                        ),
                        (
                            "element",
                            1677..1684,
                        ),
                        (
                            Expression(
                                (
                                    ArrayIndex(
                                        (
                                            Var(
                                                (
                                                    "array",
                                                    1687..1692,
                                                ),
                                            ),
                                            1687..1692,
                                        ),
                                        (
                                            Var(
                                                (
                                                    "index",
                                                    1693..1698,
                                                ),
                                            ),
                                            1693..1698,
                                        ),
                                    ),
                                    1687..1698,
                                ),
                            ),
                            1687..1699,
                        ),
                    ),
                    1673..1699,
                ),
                (
                    VariableInit(
                        (
                            "let",
                            1704..1707,
                        ),
                        (
                            "offset",
                            1708..1714,
                        ),
                        (
                            Expression(
                                (
                                    Add(
                                        (
                                            Var(
                                                (
                                                    "index",
                                                    1717..1722,
                                                ),
                                            ),
                                            1717..1722,
                                        ),
                                        (
                                            Number(
                                                (
                                                    1.0,
                                                    1725..1726,
                                                ),
                                            ),
                                            1725..1726,
                                        ),
                                    ),
                                    1717..1726,
                                ),
                            ),
                            1717..1726,
                        ),
                    ),
                    1704..1726,
                ),
                (
                    VariableInit(
                        (
                            "let",
                            1731..1734,
                        ),
                        (
                            "length",
                            1735..1741,
                        ),
                        (
                            Expression(
                                (
                                    FunctionInvocation(
                                        [],
                                        (
                                            "len",
                                            1744..1747,
                                        ),
                                        [
                                            (
                                                Var(
                                                    (
                                                        "array",
                                                        1748..1753,
                                                    ),
                                                ),
                                                1748..1753,
                                            ),
                                        ],
                                        None,
                                    ),
                                    1744..1754,
                                ),
                            ),
                            1744..1754,
                        ),
                    ),
                    1731..1754,
                ),
                (
                    VariableSet(
                        (
                            "array",
                            1759..1764,
                        ),
                        (
                            Add(
                                (
                                    ArrayIndex(
                                        (
                                            Var(
                                                (
                                                    "array",
                                                    1767..1772,
                                                ),
                                            ),
                                            1767..1772,
                                        ),
                                        (
                                            Range(
                                                (
                                                    Number(
                                                        (
                                                            0.0,
                                                            1773..1774,
                                                        ),
                                                    ),
                                                    1773..1774,
                                                ),
                                                (
                                                    Var(
                                                        (
                                                            "index",
                                                            1776..1781,
                                                        ),
                                                    ),
                                                    1776..1781,
                                                ),
                                            ),
                                            1773..1781,
                                        ),
                                    ),
                                    1767..1781,
                                ),
                                (
                                    ArrayIndex(
                                        (
                                            Var(
                                                (
                                                    "array",
                                                    1785..1790,
                                                ),
                                            ),
                                            1785..1790,
                                        ),
                                        (
                                            Range(
                                                (
                                                    Var(
                                                        (
                                                            "offset",
                                                            1791..1797,
                                                        ),
                                                    ),
                                                    1791..1797,
                                                ),
                                                (
                                                    Var(
                                                        (
                                                            "length",
                                                            1799..1805,
                                                        ),
                                                    ),
                                                    1799..1805,
                                                ),
                                            ),
                                            1791..1805,
                                        ),
                                    ),
                                    1785..1805,
                                ),
                            ),
                            1767..1805,
                        ),
                    ),
                    1759..1806,
                ),
                (
                    Return(
                        (
                            "return",
                            1811..1817,
                        ),
                        Some(
                            (
                                Var(
                                    (
                                        "element",
                                        1818..1825,
                                    ),
                                ),
                                1818..1825,
                            ),
                        ),
                    ),
                    1811..1825,
                ),
            ],
        ),
        1624..1827,
    ),
    (
        Statement(
            (
                Comment(
                    (
                        DocString(
                            "Removes the last element from the array, and returns it; if the array",
                        ),
                        1829..1903,
                    ),
                ),
                1829..1903,
            ),
        ),
        1829..1903,
    ),
    (
        Statement(
            (
                Comment(
                    (
                        DocString(
                            "is empty, the return value is undefined, but the array will be unchanged.",
                        ),
                        1903..1981,
                    ),
                ),
                1903..1981,
            ),
        ),
        1903..1981,
    ),
    (
        FunctionDefinition(
            [],
            (
                true,
                1981..1984,
            ),
            (
                "fun",
                1985..1988,
            ),
            (
                "array_pop",
                1989..1998,
            ),
            [
                (
                    Generic(
                        (
                            true,
                            1999..2002,
                        ),
                        (
                            "array",
                            1999..2008,
                        ),
                    ),
                    1999..2008,
                ),
            ],
            None,
            [
                (
                    VariableInit(
                        (
                            "let",
                            2016..2019,
                        ),
                        (
                            "length",
                            2020..2026,
                        ),
                        (
                            Expression(
                                (
                                    FunctionInvocation(
                                        [],
                                        (
                                            "len",
                                            2029..2032,
                                        ),
                                        [
                                            (
                                                Var(
                                                    (
                                                        "array",
                                                        2033..2038,
                                                    ),
                                                ),
                                                2033..2038,
                                            ),
                                        ],
                                        None,
                                    ),
                                    2029..2039,
                                ),
                            ),
                            2029..2039,
                        ),
                    ),
                    2016..2039,
                ),
                (
                    VariableInit(
                        (
                            "let",
                            2044..2047,
                        ),
                        (
                            "index",
                            2048..2053,
                        ),
                        (
                            Expression(
                                (
                                    Subtract(
                                        (
                                            Var(
                                                (
                                                    "length",
                                                    2056..2062,
                                                ),
                                            ),
                                            2056..2062,
                                        ),
                                        (
                                            Number(
                                                (
                                                    1.0,
                                                    2065..2066,
                                                ),
                                            ),
                                            2065..2066,
                                        ),
                                    ),
                                    2056..2066,
                                ),
                            ),
                            2056..2066,
                        ),
                    ),
                    2044..2066,
                ),
                (
                    VariableInit(
                        (
                            "let",
                            2071..2074,
                        ),
                        (
                            "element",
                            2075..2082,
                        ),
                        (
                            Expression(
                                (
                                    ArrayIndex(
                                        (
                                            Var(
                                                (
                                                    "array",
                                                    2085..2090,
                                                ),
                                            ),
                                            2085..2090,
                                        ),
                                        (
                                            Var(
                                                (
                                                    "index",
                                                    2091..2096,
                                                ),
                                            ),
                                            2091..2096,
                                        ),
                                    ),
                                    2085..2096,
                                ),
                            ),
                            2085..2097,
                        ),
                    ),
                    2071..2097,
                ),
                (
                    VariableSet(
                        (
                            "array",
                            2102..2107,
                        ),
                        (
                            ArrayIndex(
                                (
                                    Var(
                                        (
                                            "array",
                                            2110..2115,
                                        ),
                                    ),
                                    2110..2115,
                                ),
                                (
                                    Range(
                                        (
                                            Number(
                                                (
                                                    0.0,
                                                    2116..2117,
                                                ),
                                            ),
                                            2116..2117,
                                        ),
                                        (
                                            Var(
                                                (
                                                    "index",
                                                    2119..2124,
                                                ),
                                            ),
                                            2119..2124,
                                        ),
                                    ),
                                    2116..2124,
                                ),
                            ),
                            2110..2124,
                        ),
                    ),
                    2102..2125,
                ),
                (
                    Return(
                        (
                            "return",
                            2130..2136,
                        ),
                        Some(
                            (
                                Var(
                                    (
                                        "element",
                                        2137..2144,
                                    ),
                                ),
                                2137..2144,
                            ),
                        ),
                    ),
                    2130..2144,
                ),
            ],
        ),
        1981..2146,
    ),
    (
        Statement(
            (
                Comment(
                    (
                        DocString(
                            "Removes the first element from the array, and returns it; if the array",
                        ),
                        2148..2223,
                    ),
                ),
                2148..2223,
            ),
        ),
        2148..2223,
    ),
    (
        Statement(
            (
                Comment(
                    (
                        DocString(
                            "is empty, the return value is undefined, but the array will be unchanged.",
                        ),
                        2223..2301,
                    ),
                ),
                2223..2301,
            ),
        ),
        2223..2301,
    ),
    (
        FunctionDefinition(
            [],
            (
                true,
                2301..2304,
            ),
            (
                "fun",
                2305..2308,
            ),
            (
                "array_shift",
                2309..2320,
            ),
            [
                (
                    Generic(
                        (
                            true,
                            2321..2324,
                        ),
                        (
                            "array",
                            2321..2330,
                        ),
                    ),
                    2321..2330,
                ),
            ],
            None,
            [
                (
                    VariableInit(
                        (
                            "let",
                            2338..2341,
                        ),
                        (
                            "length",
                            2342..2348,
                        ),
                        (
                            Expression(
                                (
                                    FunctionInvocation(
                                        [],
                                        (
                                            "len",
                                            2351..2354,
                                        ),
                                        [
                                            (
                                                Var(
                                                    (
                                                        "array",
                                                        2355..2360,
                                                    ),
                                                ),
                                                2355..2360,
                                            ),
                                        ],
                                        None,
                                    ),
                                    2351..2361,
                                ),
                            ),
                            2351..2361,
                        ),
                    ),
                    2338..2361,
                ),
                (
                    VariableInit(
                        (
                            "let",
                            2366..2369,
                        ),
                        (
                            "element",
                            2370..2377,
                        ),
                        (
                            Expression(
                                (
                                    ArrayIndex(
                                        (
                                            Var(
                                                (
                                                    "array",
                                                    2380..2385,
                                                ),
                                            ),
                                            2380..2385,
                                        ),
                                        (
                                            Number(
                                                (
                                                    0.0,
                                                    2386..2387,
                                                ),
                                            ),
                                            2386..2387,
                                        ),
                                    ),
                                    2380..2387,
                                ),
                            ),
                            2380..2388,
                        ),
                    ),
                    2366..2388,
                ),
                (
                    VariableSet(
                        (
                            "array",
                            2393..2398,
                        ),
                        (
                            ArrayIndex(
                                (
                                    Var(
                                        (
                                            "array",
                                            2401..2406,
                                        ),
                                    ),
                                    2401..2406,
                                ),
                                (
                                    Range(
                                        (
                                            Number(
                                                (
                                                    1.0,
                                                    2407..2408,
                                                ),
                                            ),
                                            2407..2408,
                                        ),
                                        (
                                            Var(
                                                (
                                                    "length",
                                                    2410..2416,
                                                ),
                                            ),
                                            2410..2416,
                                        ),
                                    ),
                                    2407..2416,
                                ),
                            ),
                            2401..2416,
                        ),
                    ),
                    2393..2417,
                ),
                (
                    Return(
                        (
                            "return",
                            2422..2428,
                        ),
                        Some(
                            (
                                Var(
                                    (
                                        "element",
                                        2429..2436,
                                    ),
                                ),
                                2429..2436,
                            ),
                        ),
                    ),
                    2422..2436,
                ),
            ],
        ),
        2301..2438,
    ),
]
