---
source: tests/grammar/alpha034.rs
expression: "parse(\"func(1)\").unwrap()"
---
Statement(
    [
        Expression(
            FunctionInvocation(
                "func",
                [
                    Number(
                        1.0,
                    ),
                ],
                None,
            ),
        ),
    ],
)
