---
source: tests/grammar/alpha034.rs
expression: "parse(\"\n        if {\n            2 == 3 {\n                echo 10\n            }\n            true: echo 10\n            else {\n                echo 20\n            }\n        }\n    \").unwrap()"
---
Statement(
    [
        IfChain(
            [
                IfCondition(
                    IfCondition(
                        Eq(
                            Number(
                                2.0,
                            ),
                            Number(
                                3.0,
                            ),
                        ),
                        Block(
                            [
                                Echo(
                                    Number(
                                        10.0,
                                    ),
                                ),
                            ],
                        ),
                    ),
                ),
                IfCondition(
                    InlineIfCondition(
                        Boolean(
                            true,
                        ),
                        Echo(
                            Number(
                                10.0,
                            ),
                        ),
                    ),
                ),
                Else(
                    Else(
                        Block(
                            [
                                Echo(
                                    Number(
                                        20.0,
                                    ),
                                ),
                            ],
                        ),
                    ),
                ),
            ],
        ),
    ],
)
