---
source: tests/grammar/alpha034.rs
expression: "parse(\"2 - (3 - 4)\").unwrap()"
---
Statement(
    [
        Expression(
            Subtract(
                Number(
                    2.0,
                ),
                Parentheses(
                    Subtract(
                        Number(
                            3.0,
                        ),
                        Number(
                            4.0,
                        ),
                    ),
                ),
            ),
        ),
    ],
)
