---
source: tests/grammar/alpha034.rs
expression: "parse(&tokenize(r#\"\"\"#))"
---
(
    Some(
        [
            (
                Statement(
                    (
                        Expression(
                            (
                                Text(
                                    [],
                                ),
                                0..1,
                            ),
                        ),
                        0..1,
                    ),
                ),
                0..1,
            ),
        ],
    ),
    [
        found end of input at 1..1 expected '"\\"', '"{"', or '"\""',
    ],
)
