---
source: tests/grammar/alpha034.rs
expression: "parse_unwrap(&tokenize(\"\n        {\n            echo 10\n        }\n        {\n            {\n                echo 20\n            }\n        }\n    \"))"
---
[
    (
        Statement(
            (
                Block(
                    (
                        Block(
                            [],
                            [
                                (
                                    Echo(
                                        (
                                            "echo",
                                            23..27,
                                        ),
                                        (
                                            Number(
                                                (
                                                    10.0,
                                                    28..30,
                                                ),
                                            ),
                                            28..30,
                                        ),
                                    ),
                                    23..30,
                                ),
                            ],
                        ),
                        9..40,
                    ),
                ),
                9..40,
            ),
        ),
        9..40,
    ),
    (
        Statement(
            (
                Block(
                    (
                        Block(
                            [],
                            [
                                (
                                    Block(
                                        (
                                            Block(
                                                [],
                                                [
                                                    (
                                                        Echo(
                                                            (
                                                                "echo",
                                                                81..85,
                                                            ),
                                                            (
                                                                Number(
                                                                    (
                                                                        20.0,
                                                                        86..88,
                                                                    ),
                                                                ),
                                                                86..88,
                                                            ),
                                                        ),
                                                        81..88,
                                                    ),
                                                ],
                                            ),
                                            63..102,
                                        ),
                                    ),
                                    63..102,
                                ),
                            ],
                        ),
                        49..112,
                    ),
                ),
                49..112,
            ),
        ),
        49..112,
    ),
]
