---
source: tests/grammar/alpha035.rs
expression: parse_unwrap(&tokenize(&stdlib))
---
[
    (
        Statement(
            (
                DocString(
                    "Check if directory exists",
                ),
                0..30,
            ),
        ),
        0..30,
    ),
    (
        FunctionDefinition(
            [],
            (
                true,
                30..33,
            ),
            (
                "fun",
                34..37,
            ),
            (
                "dir_exist",
                38..47,
            ),
            [
                (
                    Generic(
                        (
                            "path",
                            48..52,
                        ),
                    ),
                    48..52,
                ),
            ],
            None,
            [
                (
                    Expression(
                        (
                            Command(
                                [],
                                [
                                    (
                                        Text(
                                            "$",
                                        ),
                                        60..61,
                                    ),
                                    (
                                        Text(
                                            "[",
                                        ),
                                        61..62,
                                    ),
                                    (
                                        CommandOption(
                                            "-d",
                                        ),
                                        63..65,
                                    ),
                                    (
                                        Text(
                                            "\"",
                                        ),
                                        66..67,
                                    ),
                                    (
                                        Expression(
                                            (
                                                Var(
                                                    (
                                                        "path",
                                                        68..72,
                                                    ),
                                                ),
                                                68..72,
                                            ),
                                        ),
                                        67..73,
                                    ),
                                    (
                                        Text(
                                            "\"",
                                        ),
                                        73..74,
                                    ),
                                    (
                                        Text(
                                            "]",
                                        ),
                                        75..76,
                                    ),
                                    (
                                        Text(
                                            "$",
                                        ),
                                        76..77,
                                    ),
                                ],
                                Some(
                                    (
                                        Handle(
                                            (
                                                "failed",
                                                78..84,
                                            ),
                                            [
                                                (
                                                    Return(
                                                        (
                                                            "return",
                                                            95..101,
                                                        ),
                                                        Some(
                                                            (
                                                                Boolean(
                                                                    (
                                                                        false,
                                                                        102..107,
                                                                    ),
                                                                ),
                                                                102..107,
                                                            ),
                                                        ),
                                                    ),
                                                    95..107,
                                                ),
                                            ],
                                        ),
                                        78..113,
                                    ),
                                ),
                            ),
                            60..113,
                        ),
                    ),
                    60..113,
                ),
                (
                    Return(
                        (
                            "return",
                            118..124,
                        ),
                        Some(
                            (
                                Boolean(
                                    (
                                        true,
                                        125..129,
                                    ),
                                ),
                                125..129,
                            ),
                        ),
                    ),
                    118..129,
                ),
            ],
        ),
        30..131,
    ),
    (
        Statement(
            (
                DocString(
                    "Check if file exists",
                ),
                133..158,
            ),
        ),
        133..158,
    ),
    (
        FunctionDefinition(
            [],
            (
                true,
                158..161,
            ),
            (
                "fun",
                162..165,
            ),
            (
                "file_exist",
                166..176,
            ),
            [
                (
                    Generic(
                        (
                            "path",
                            177..181,
                        ),
                    ),
                    177..181,
                ),
            ],
            None,
            [
                (
                    Expression(
                        (
                            Command(
                                [],
                                [
                                    (
                                        Text(
                                            "$",
                                        ),
                                        189..190,
                                    ),
                                    (
                                        Text(
                                            "[",
                                        ),
                                        190..191,
                                    ),
                                    (
                                        CommandOption(
                                            "-f",
                                        ),
                                        192..194,
                                    ),
                                    (
                                        Text(
                                            "\"",
                                        ),
                                        195..196,
                                    ),
                                    (
                                        Expression(
                                            (
                                                Var(
                                                    (
                                                        "path",
                                                        197..201,
                                                    ),
                                                ),
                                                197..201,
                                            ),
                                        ),
                                        196..202,
                                    ),
                                    (
                                        Text(
                                            "\"",
                                        ),
                                        202..203,
                                    ),
                                    (
                                        Text(
                                            "]",
                                        ),
                                        204..205,
                                    ),
                                    (
                                        Text(
                                            "$",
                                        ),
                                        205..206,
                                    ),
                                ],
                                Some(
                                    (
                                        Handle(
                                            (
                                                "failed",
                                                207..213,
                                            ),
                                            [
                                                (
                                                    Return(
                                                        (
                                                            "return",
                                                            224..230,
                                                        ),
                                                        Some(
                                                            (
                                                                Boolean(
                                                                    (
                                                                        false,
                                                                        231..236,
                                                                    ),
                                                                ),
                                                                231..236,
                                                            ),
                                                        ),
                                                    ),
                                                    224..236,
                                                ),
                                            ],
                                        ),
                                        207..242,
                                    ),
                                ),
                            ),
                            189..242,
                        ),
                    ),
                    189..242,
                ),
                (
                    Return(
                        (
                            "return",
                            247..253,
                        ),
                        Some(
                            (
                                Boolean(
                                    (
                                        true,
                                        254..258,
                                    ),
                                ),
                                254..258,
                            ),
                        ),
                    ),
                    247..258,
                ),
            ],
        ),
        158..260,
    ),
    (
        Statement(
            (
                DocString(
                    "Get the file content",
                ),
                262..287,
            ),
        ),
        262..287,
    ),
    (
        FunctionDefinition(
            [],
            (
                true,
                287..290,
            ),
            (
                "fun",
                291..294,
            ),
            (
                "file_read",
                295..304,
            ),
            [
                (
                    Generic(
                        (
                            "path",
                            305..309,
                        ),
                    ),
                    305..309,
                ),
            ],
            None,
            [
                (
                    Return(
                        (
                            "return",
                            317..323,
                        ),
                        Some(
                            (
                                Command(
                                    [],
                                    [
                                        (
                                            Text(
                                                "$",
                                            ),
                                            324..325,
                                        ),
                                        (
                                            Text(
                                                "<",
                                            ),
                                            325..326,
                                        ),
                                        (
                                            Text(
                                                "\"",
                                            ),
                                            327..328,
                                        ),
                                        (
                                            Expression(
                                                (
                                                    Var(
                                                        (
                                                            "path",
                                                            329..333,
                                                        ),
                                                    ),
                                                    329..333,
                                                ),
                                            ),
                                            328..334,
                                        ),
                                        (
                                            Text(
                                                "\"",
                                            ),
                                            334..335,
                                        ),
                                        (
                                            Text(
                                                "$",
                                            ),
                                            335..336,
                                        ),
                                    ],
                                    Some(
                                        (
                                            Propagate,
                                            336..337,
                                        ),
                                    ),
                                ),
                                324..337,
                            ),
                        ),
                    ),
                    317..337,
                ),
            ],
        ),
        287..339,
    ),
    (
        Statement(
            (
                DocString(
                    "Write the content to the file",
                ),
                341..375,
            ),
        ),
        341..375,
    ),
    (
        Statement(
            (
                DocString(
                    "Doesn't check if the file exist",
                ),
                375..411,
            ),
        ),
        375..411,
    ),
    (
        FunctionDefinition(
            [],
            (
                true,
                411..414,
            ),
            (
                "fun",
                415..418,
            ),
            (
                "file_write",
                419..429,
            ),
            [
                (
                    Generic(
                        (
                            "path",
                            430..434,
                        ),
                    ),
                    430..434,
                ),
                (
                    Generic(
                        (
                            "content",
                            436..443,
                        ),
                    ),
                    436..443,
                ),
            ],
            None,
            [
                (
                    Return(
                        (
                            "return",
                            451..457,
                        ),
                        Some(
                            (
                                Command(
                                    [],
                                    [
                                        (
                                            Text(
                                                "$",
                                            ),
                                            458..459,
                                        ),
                                        (
                                            Text(
                                                "echo",
                                            ),
                                            459..463,
                                        ),
                                        (
                                            Text(
                                                "\"",
                                            ),
                                            464..465,
                                        ),
                                        (
                                            Expression(
                                                (
                                                    Var(
                                                        (
                                                            "content",
                                                            466..473,
                                                        ),
                                                    ),
                                                    466..473,
                                                ),
                                            ),
                                            465..474,
                                        ),
                                        (
                                            Text(
                                                "\"",
                                            ),
                                            474..475,
                                        ),
                                        (
                                            Text(
                                                ">",
                                            ),
                                            476..477,
                                        ),
                                        (
                                            Text(
                                                "\"",
                                            ),
                                            478..479,
                                        ),
                                        (
                                            Expression(
                                                (
                                                    Var(
                                                        (
                                                            "path",
                                                            480..484,
                                                        ),
                                                    ),
                                                    480..484,
                                                ),
                                            ),
                                            479..485,
                                        ),
                                        (
                                            Text(
                                                "\"",
                                            ),
                                            485..486,
                                        ),
                                        (
                                            Text(
                                                "$",
                                            ),
                                            486..487,
                                        ),
                                    ],
                                    Some(
                                        (
                                            Propagate,
                                            487..488,
                                        ),
                                    ),
                                ),
                                458..488,
                            ),
                        ),
                    ),
                    451..488,
                ),
            ],
        ),
        411..490,
    ),
    (
        Statement(
            (
                DocString(
                    "Append the content to the file",
                ),
                492..527,
            ),
        ),
        492..527,
    ),
    (
        Statement(
            (
                DocString(
                    "Doesn't check if the file exist",
                ),
                527..563,
            ),
        ),
        527..563,
    ),
    (
        FunctionDefinition(
            [],
            (
                true,
                563..566,
            ),
            (
                "fun",
                567..570,
            ),
            (
                "file_append",
                571..582,
            ),
            [
                (
                    Generic(
                        (
                            "path",
                            583..587,
                        ),
                    ),
                    583..587,
                ),
                (
                    Generic(
                        (
                            "content",
                            589..596,
                        ),
                    ),
                    589..596,
                ),
            ],
            None,
            [
                (
                    Return(
                        (
                            "return",
                            604..610,
                        ),
                        Some(
                            (
                                Command(
                                    [],
                                    [
                                        (
                                            Text(
                                                "$",
                                            ),
                                            611..612,
                                        ),
                                        (
                                            Text(
                                                "echo",
                                            ),
                                            612..616,
                                        ),
                                        (
                                            Text(
                                                "\"",
                                            ),
                                            617..618,
                                        ),
                                        (
                                            Expression(
                                                (
                                                    Var(
                                                        (
                                                            "content",
                                                            619..626,
                                                        ),
                                                    ),
                                                    619..626,
                                                ),
                                            ),
                                            618..627,
                                        ),
                                        (
                                            Text(
                                                "\"",
                                            ),
                                            627..628,
                                        ),
                                        (
                                            Text(
                                                ">",
                                            ),
                                            629..630,
                                        ),
                                        (
                                            Text(
                                                ">",
                                            ),
                                            630..631,
                                        ),
                                        (
                                            Text(
                                                "\"",
                                            ),
                                            632..633,
                                        ),
                                        (
                                            Expression(
                                                (
                                                    Var(
                                                        (
                                                            "path",
                                                            634..638,
                                                        ),
                                                    ),
                                                    634..638,
                                                ),
                                            ),
                                            633..639,
                                        ),
                                        (
                                            Text(
                                                "\"",
                                            ),
                                            639..640,
                                        ),
                                        (
                                            Text(
                                                "$",
                                            ),
                                            640..641,
                                        ),
                                    ],
                                    Some(
                                        (
                                            Propagate,
                                            641..642,
                                        ),
                                    ),
                                ),
                                611..642,
                            ),
                        ),
                    ),
                    604..642,
                ),
            ],
        ),
        563..644,
    ),
    (
        Statement(
            (
                DocString(
                    "Create a symbolic link",
                ),
                646..673,
            ),
        ),
        646..673,
    ),
    (
        Statement(
            (
                DocString(
                    "If the file doens't exist return a boolean and print a message",
                ),
                673..740,
            ),
        ),
        673..740,
    ),
    (
        FunctionDefinition(
            [],
            (
                true,
                740..743,
            ),
            (
                "fun",
                744..747,
            ),
            (
                "create_symbolic_link",
                748..768,
            ),
            [
                (
                    Typed(
                        (
                            "origin",
                            769..775,
                        ),
                        (
                            Text,
                            777..781,
                        ),
                    ),
                    769..781,
                ),
                (
                    Typed(
                        (
                            "destination",
                            783..794,
                        ),
                        (
                            Text,
                            796..800,
                        ),
                    ),
                    783..800,
                ),
            ],
            Some(
                (
                    Bool,
                    803..807,
                ),
            ),
            [
                (
                    IfCondition(
                        (
                            "if",
                            814..816,
                        ),
                        (
                            IfCondition(
                                (
                                    FunctionInvocation(
                                        [],
                                        (
                                            "file_exist",
                                            817..827,
                                        ),
                                        [
                                            (
                                                Var(
                                                    (
                                                        "origin",
                                                        828..834,
                                                    ),
                                                ),
                                                828..834,
                                            ),
                                        ],
                                        None,
                                    ),
                                    817..835,
                                ),
                                (
                                    Block(
                                        [],
                                        [
                                            (
                                                Expression(
                                                    (
                                                        Command(
                                                            [
                                                                (
                                                                    Unsafe,
                                                                    846..852,
                                                                ),
                                                            ],
                                                            [
                                                                (
                                                                    Text(
                                                                        "$",
                                                                    ),
                                                                    853..854,
                                                                ),
                                                                (
                                                                    Text(
                                                                        "ln",
                                                                    ),
                                                                    854..856,
                                                                ),
                                                                (
                                                                    CommandOption(
                                                                        "-s",
                                                                    ),
                                                                    857..859,
                                                                ),
                                                                (
                                                                    Text(
                                                                        "\"",
                                                                    ),
                                                                    860..861,
                                                                ),
                                                                (
                                                                    Expression(
                                                                        (
                                                                            Var(
                                                                                (
                                                                                    "origin",
                                                                                    862..868,
                                                                                ),
                                                                            ),
                                                                            862..868,
                                                                        ),
                                                                    ),
                                                                    861..869,
                                                                ),
                                                                (
                                                                    Text(
                                                                        "\"",
                                                                    ),
                                                                    869..870,
                                                                ),
                                                                (
                                                                    Text(
                                                                        "\"",
                                                                    ),
                                                                    871..872,
                                                                ),
                                                                (
                                                                    Expression(
                                                                        (
                                                                            Var(
                                                                                (
                                                                                    "destination",
                                                                                    873..884,
                                                                                ),
                                                                            ),
                                                                            873..884,
                                                                        ),
                                                                    ),
                                                                    872..885,
                                                                ),
                                                                (
                                                                    Text(
                                                                        "\"",
                                                                    ),
                                                                    885..886,
                                                                ),
                                                                (
                                                                    Text(
                                                                        "$",
                                                                    ),
                                                                    886..887,
                                                                ),
                                                            ],
                                                            None,
                                                        ),
                                                        846..887,
                                                    ),
                                                ),
                                                846..887,
                                            ),
                                            (
                                                Return(
                                                    (
                                                        "return",
                                                        896..902,
                                                    ),
                                                    Some(
                                                        (
                                                            Boolean(
                                                                (
                                                                    true,
                                                                    903..907,
                                                                ),
                                                            ),
                                                            903..907,
                                                        ),
                                                    ),
                                                ),
                                                896..907,
                                            ),
                                        ],
                                    ),
                                    836..913,
                                ),
                            ),
                            817..913,
                        ),
                        None,
                    ),
                    814..913,
                ),
                (
                    Echo(
                        (
                            "echo",
                            919..923,
                        ),
                        (
                            Text(
                                [
                                    (
                                        Text(
                                            (
                                                "The",
                                                925..928,
                                            ),
                                        ),
                                        925..928,
                                    ),
                                    (
                                        Text(
                                            (
                                                "file",
                                                929..933,
                                            ),
                                        ),
                                        929..933,
                                    ),
                                    (
                                        Expression(
                                            (
                                                Var(
                                                    (
                                                        "origin",
                                                        935..941,
                                                    ),
                                                ),
                                                935..941,
                                            ),
                                        ),
                                        934..942,
                                    ),
                                    (
                                        Text(
                                            (
                                                "doesn't",
                                                943..950,
                                            ),
                                        ),
                                        943..950,
                                    ),
                                    (
                                        Text(
                                            (
                                                "exist",
                                                951..956,
                                            ),
                                        ),
                                        951..956,
                                    ),
                                    (
                                        Text(
                                            (
                                                "!",
                                                956..957,
                                            ),
                                        ),
                                        956..957,
                                    ),
                                ],
                            ),
                            924..958,
                        ),
                    ),
                    919..958,
                ),
                (
                    Return(
                        (
                            "return",
                            963..969,
                        ),
                        Some(
                            (
                                Boolean(
                                    (
                                        false,
                                        970..975,
                                    ),
                                ),
                                970..975,
                            ),
                        ),
                    ),
                    963..975,
                ),
            ],
        ),
        740..977,
    ),
    (
        Statement(
            (
                DocString(
                    "Create a directory with all intermediate directories as required",
                ),
                979..1048,
            ),
        ),
        979..1048,
    ),
    (
        FunctionDefinition(
            [],
            (
                true,
                1048..1051,
            ),
            (
                "fun",
                1052..1055,
            ),
            (
                "create_dir",
                1056..1066,
            ),
            [
                (
                    Typed(
                        (
                            "path",
                            1067..1071,
                        ),
                        (
                            Text,
                            1073..1077,
                        ),
                    ),
                    1067..1077,
                ),
            ],
            Some(
                (
                    Null,
                    1080..1084,
                ),
            ),
            [
                (
                    IfCondition(
                        (
                            "if",
                            1091..1093,
                        ),
                        (
                            IfCondition(
                                (
                                    Not(
                                        (
                                            "not",
                                            1094..1097,
                                        ),
                                        (
                                            FunctionInvocation(
                                                [],
                                                (
                                                    "dir_exist",
                                                    1098..1107,
                                                ),
                                                [
                                                    (
                                                        Var(
                                                            (
                                                                "path",
                                                                1108..1112,
                                                            ),
                                                        ),
                                                        1108..1112,
                                                    ),
                                                ],
                                                None,
                                            ),
                                            1098..1113,
                                        ),
                                    ),
                                    1098..1113,
                                ),
                                (
                                    Block(
                                        [],
                                        [
                                            (
                                                Expression(
                                                    (
                                                        Command(
                                                            [
                                                                (
                                                                    Unsafe,
                                                                    1124..1130,
                                                                ),
                                                            ],
                                                            [
                                                                (
                                                                    Text(
                                                                        "$",
                                                                    ),
                                                                    1131..1132,
                                                                ),
                                                                (
                                                                    Text(
                                                                        "mkdir",
                                                                    ),
                                                                    1132..1137,
                                                                ),
                                                                (
                                                                    CommandOption(
                                                                        "-p",
                                                                    ),
                                                                    1138..1140,
                                                                ),
                                                                (
                                                                    Text(
                                                                        "\"",
                                                                    ),
                                                                    1141..1142,
                                                                ),
                                                                (
                                                                    Expression(
                                                                        (
                                                                            Var(
                                                                                (
                                                                                    "path",
                                                                                    1143..1147,
                                                                                ),
                                                                            ),
                                                                            1143..1147,
                                                                        ),
                                                                    ),
                                                                    1142..1148,
                                                                ),
                                                                (
                                                                    Text(
                                                                        "\"",
                                                                    ),
                                                                    1148..1149,
                                                                ),
                                                                (
                                                                    Text(
                                                                        "$",
                                                                    ),
                                                                    1149..1150,
                                                                ),
                                                            ],
                                                            None,
                                                        ),
                                                        1124..1150,
                                                    ),
                                                ),
                                                1124..1150,
                                            ),
                                        ],
                                    ),
                                    1114..1156,
                                ),
                            ),
                            1094..1156,
                        ),
                        None,
                    ),
                    1091..1156,
                ),
            ],
        ),
        1048..1158,
    ),
    (
        Statement(
            (
                DocString(
                    "Set the file as executable",
                ),
                1160..1191,
            ),
        ),
        1160..1191,
    ),
    (
        Statement(
            (
                DocString(
                    "If the file doesn't exist return a boolean and print a message",
                ),
                1191..1258,
            ),
        ),
        1191..1258,
    ),
    (
        FunctionDefinition(
            [],
            (
                true,
                1258..1261,
            ),
            (
                "fun",
                1262..1265,
            ),
            (
                "make_executable",
                1266..1281,
            ),
            [
                (
                    Typed(
                        (
                            "path",
                            1282..1286,
                        ),
                        (
                            Text,
                            1288..1292,
                        ),
                    ),
                    1282..1292,
                ),
            ],
            Some(
                (
                    Bool,
                    1295..1299,
                ),
            ),
            [
                (
                    IfCondition(
                        (
                            "if",
                            1306..1308,
                        ),
                        (
                            IfCondition(
                                (
                                    FunctionInvocation(
                                        [],
                                        (
                                            "file_exist",
                                            1309..1319,
                                        ),
                                        [
                                            (
                                                Var(
                                                    (
                                                        "path",
                                                        1320..1324,
                                                    ),
                                                ),
                                                1320..1324,
                                            ),
                                        ],
                                        None,
                                    ),
                                    1309..1325,
                                ),
                                (
                                    Block(
                                        [],
                                        [
                                            (
                                                Expression(
                                                    (
                                                        Command(
                                                            [
                                                                (
                                                                    Unsafe,
                                                                    1336..1342,
                                                                ),
                                                            ],
                                                            [
                                                                (
                                                                    Text(
                                                                        "$",
                                                                    ),
                                                                    1343..1344,
                                                                ),
                                                                (
                                                                    Text(
                                                                        "chmod",
                                                                    ),
                                                                    1344..1349,
                                                                ),
                                                                (
                                                                    Text(
                                                                        "+",
                                                                    ),
                                                                    1350..1351,
                                                                ),
                                                                (
                                                                    Text(
                                                                        "x",
                                                                    ),
                                                                    1351..1352,
                                                                ),
                                                                (
                                                                    Text(
                                                                        "\"",
                                                                    ),
                                                                    1353..1354,
                                                                ),
                                                                (
                                                                    Expression(
                                                                        (
                                                                            Var(
                                                                                (
                                                                                    "path",
                                                                                    1355..1359,
                                                                                ),
                                                                            ),
                                                                            1355..1359,
                                                                        ),
                                                                    ),
                                                                    1354..1360,
                                                                ),
                                                                (
                                                                    Text(
                                                                        "\"",
                                                                    ),
                                                                    1360..1361,
                                                                ),
                                                                (
                                                                    Text(
                                                                        "$",
                                                                    ),
                                                                    1361..1362,
                                                                ),
                                                            ],
                                                            None,
                                                        ),
                                                        1336..1362,
                                                    ),
                                                ),
                                                1336..1362,
                                            ),
                                            (
                                                Return(
                                                    (
                                                        "return",
                                                        1371..1377,
                                                    ),
                                                    Some(
                                                        (
                                                            Boolean(
                                                                (
                                                                    true,
                                                                    1378..1382,
                                                                ),
                                                            ),
                                                            1378..1382,
                                                        ),
                                                    ),
                                                ),
                                                1371..1382,
                                            ),
                                        ],
                                    ),
                                    1326..1388,
                                ),
                            ),
                            1309..1388,
                        ),
                        None,
                    ),
                    1306..1388,
                ),
                (
                    Echo(
                        (
                            "echo",
                            1394..1398,
                        ),
                        (
                            Text(
                                [
                                    (
                                        Text(
                                            (
                                                "The",
                                                1400..1403,
                                            ),
                                        ),
                                        1400..1403,
                                    ),
                                    (
                                        Text(
                                            (
                                                "file",
                                                1404..1408,
                                            ),
                                        ),
                                        1404..1408,
                                    ),
                                    (
                                        Expression(
                                            (
                                                Var(
                                                    (
                                                        "path",
                                                        1410..1414,
                                                    ),
                                                ),
                                                1410..1414,
                                            ),
                                        ),
                                        1409..1415,
                                    ),
                                    (
                                        Text(
                                            (
                                                "doesn't",
                                                1416..1423,
                                            ),
                                        ),
                                        1416..1423,
                                    ),
                                    (
                                        Text(
                                            (
                                                "exist",
                                                1424..1429,
                                            ),
                                        ),
                                        1424..1429,
                                    ),
                                    (
                                        Text(
                                            (
                                                "!",
                                                1429..1430,
                                            ),
                                        ),
                                        1429..1430,
                                    ),
                                ],
                            ),
                            1399..1431,
                        ),
                    ),
                    1394..1431,
                ),
                (
                    Return(
                        (
                            "return",
                            1436..1442,
                        ),
                        Some(
                            (
                                Boolean(
                                    (
                                        false,
                                        1443..1448,
                                    ),
                                ),
                                1443..1448,
                            ),
                        ),
                    ),
                    1436..1448,
                ),
            ],
        ),
        1258..1450,
    ),
    (
        Statement(
            (
                DocString(
                    "Change the owner of the file",
                ),
                1452..1485,
            ),
        ),
        1452..1485,
    ),
    (
        Statement(
            (
                DocString(
                    "If the file doesn't exist return false",
                ),
                1485..1528,
            ),
        ),
        1485..1528,
    ),
    (
        FunctionDefinition(
            [],
            (
                true,
                1528..1531,
            ),
            (
                "fun",
                1532..1535,
            ),
            (
                "change_owner",
                1536..1548,
            ),
            [
                (
                    Typed(
                        (
                            "user",
                            1549..1553,
                        ),
                        (
                            Text,
                            1555..1559,
                        ),
                    ),
                    1549..1559,
                ),
                (
                    Typed(
                        (
                            "path",
                            1561..1565,
                        ),
                        (
                            Text,
                            1567..1571,
                        ),
                    ),
                    1561..1571,
                ),
            ],
            Some(
                (
                    Bool,
                    1574..1578,
                ),
            ),
            [
                (
                    IfCondition(
                        (
                            "if",
                            1585..1587,
                        ),
                        (
                            IfCondition(
                                (
                                    Or(
                                        (
                                            FunctionInvocation(
                                                [],
                                                (
                                                    "file_exist",
                                                    1588..1598,
                                                ),
                                                [
                                                    (
                                                        Var(
                                                            (
                                                                "path",
                                                                1599..1603,
                                                            ),
                                                        ),
                                                        1599..1603,
                                                    ),
                                                ],
                                                None,
                                            ),
                                            1588..1604,
                                        ),
                                        (
                                            "or",
                                            1605..1607,
                                        ),
                                        (
                                            FunctionInvocation(
                                                [],
                                                (
                                                    "dir_exist",
                                                    1608..1617,
                                                ),
                                                [
                                                    (
                                                        Var(
                                                            (
                                                                "path",
                                                                1618..1622,
                                                            ),
                                                        ),
                                                        1618..1622,
                                                    ),
                                                ],
                                                None,
                                            ),
                                            1608..1623,
                                        ),
                                    ),
                                    1588..1623,
                                ),
                                (
                                    Block(
                                        [],
                                        [
                                            (
                                                Expression(
                                                    (
                                                        Command(
                                                            [
                                                                (
                                                                    Unsafe,
                                                                    1634..1640,
                                                                ),
                                                            ],
                                                            [
                                                                (
                                                                    Text(
                                                                        "$",
                                                                    ),
                                                                    1641..1642,
                                                                ),
                                                                (
                                                                    Text(
                                                                        "chown",
                                                                    ),
                                                                    1642..1647,
                                                                ),
                                                                (
                                                                    CommandOption(
                                                                        "-R",
                                                                    ),
                                                                    1648..1650,
                                                                ),
                                                                (
                                                                    Text(
                                                                        "\"",
                                                                    ),
                                                                    1651..1652,
                                                                ),
                                                                (
                                                                    Expression(
                                                                        (
                                                                            Var(
                                                                                (
                                                                                    "user",
                                                                                    1653..1657,
                                                                                ),
                                                                            ),
                                                                            1653..1657,
                                                                        ),
                                                                    ),
                                                                    1652..1658,
                                                                ),
                                                                (
                                                                    Text(
                                                                        "\"",
                                                                    ),
                                                                    1658..1659,
                                                                ),
                                                                (
                                                                    Text(
                                                                        "\"",
                                                                    ),
                                                                    1660..1661,
                                                                ),
                                                                (
                                                                    Expression(
                                                                        (
                                                                            Var(
                                                                                (
                                                                                    "path",
                                                                                    1662..1666,
                                                                                ),
                                                                            ),
                                                                            1662..1666,
                                                                        ),
                                                                    ),
                                                                    1661..1667,
                                                                ),
                                                                (
                                                                    Text(
                                                                        "\"",
                                                                    ),
                                                                    1667..1668,
                                                                ),
                                                                (
                                                                    Text(
                                                                        "$",
                                                                    ),
                                                                    1668..1669,
                                                                ),
                                                            ],
                                                            None,
                                                        ),
                                                        1634..1669,
                                                    ),
                                                ),
                                                1634..1669,
                                            ),
                                            (
                                                Return(
                                                    (
                                                        "return",
                                                        1678..1684,
                                                    ),
                                                    Some(
                                                        (
                                                            Boolean(
                                                                (
                                                                    true,
                                                                    1685..1689,
                                                                ),
                                                            ),
                                                            1685..1689,
                                                        ),
                                                    ),
                                                ),
                                                1678..1689,
                                            ),
                                        ],
                                    ),
                                    1624..1695,
                                ),
                            ),
                            1588..1695,
                        ),
                        None,
                    ),
                    1585..1695,
                ),
                (
                    Return(
                        (
                            "return",
                            1701..1707,
                        ),
                        Some(
                            (
                                Boolean(
                                    (
                                        false,
                                        1708..1713,
                                    ),
                                ),
                                1708..1713,
                            ),
                        ),
                    ),
                    1701..1713,
                ),
            ],
        ),
        1528..1715,
    ),
]
