---
source: tests/grammar/alpha034.rs
expression: "parse_unwrap(&tokenize(\"$$ failed {}\"))"
---
[
    (
        Statement(
            (
                Expression(
                    (
                        Command(
                            [],
                            Some(
                                (
                                    Handle(
                                        (
                                            "failed",
                                            3..9,
                                        ),
                                        [],
                                    ),
                                    3..12,
                                ),
                            ),
                        ),
                        0..12,
                    ),
                ),
                0..12,
            ),
        ),
        0..12,
    ),
]
