---
source: tests/grammar/alpha034.rs
expression: "parse(\"false or false or true\").unwrap()"
---
Statement(
    [
        Expression(
            Or(
                Or(
                    Boolean(
                        false,
                    ),
                    Boolean(
                        false,
                    ),
                ),
                Boolean(
                    true,
                ),
            ),
        ),
    ],
)
