---
source: tests/grammar/alpha034.rs
expression: "parse(\"if true {}\").unwrap()"
---
Statement(
    [
        IfCondition(
            IfCondition(
                Boolean(
                    true,
                ),
                Block(
                    [],
                ),
            ),
            None,
        ),
    ],
)
