---
source: tests/grammar/alpha034.rs
expression: "parse_unwrap(&tokenize(\"$$ failed {}\"))"
---
[
    (
        Statement(
            (
                Expression(
                    (
                        Command(
                            [],
                            [
                                (
                                    Text(
                                        "$",
                                    ),
                                    0..1,
                                ),
                                (
                                    Text(
                                        "$",
                                    ),
                                    1..2,
                                ),
                            ],
                            Some(
                                (
                                    Handle(
                                        (
                                            "failed",
                                            3..9,
                                        ),
                                        [],
                                    ),
                                    3..12,
                                ),
                            ),
                        ),
                        0..12,
                    ),
                ),
                0..12,
            ),
        ),
        0..12,
    ),
]
