---
source: tests/grammar/alpha034.rs
expression: "parse(\"foo() failed {}\").unwrap()"
---
Statement(
    [
        Expression(
            FunctionInvocation(
                "foo",
                [],
                Some(
                    Handle(
                        [],
                    ),
                ),
            ),
        ),
    ],
)
