---
source: tests/grammar/alpha034.rs
expression: "parse_unwrap(&tokenize(\"foo() failed {}\"))"
---
[
    (
        Statement(
            (
                Expression(
                    (
                        FunctionInvocation(
                            [],
                            (
                                "foo",
                                0..3,
                            ),
                            [],
                            Some(
                                (
                                    Handle(
                                        (
                                            "failed",
                                            6..12,
                                        ),
                                        [],
                                    ),
                                    6..15,
                                ),
                            ),
                        ),
                        0..15,
                    ),
                ),
                0..15,
            ),
        ),
        0..15,
    ),
]
