---
source: tests/grammar/alpha034.rs
expression: "parse(\"\n        main {\n            echo 10;\n            echo 20\n\n            echo 30;\n\n            10 20 30\n        }\n    \").unwrap()"
---
Statement(
    [
        Main(
            (),
            Block(
                (),
                [
                    Statement(
                        Echo(
                            (),
                            Number(
                                10.0,
                            ),
                        ),
                        Some(
                            (),
                        ),
                    ),
                    Statement(
                        Echo(
                            (),
                            Number(
                                20.0,
                            ),
                        ),
                        None,
                    ),
                    Statement(
                        Echo(
                            (),
                            Number(
                                30.0,
                            ),
                        ),
                        Some(
                            (),
                        ),
                    ),
                    Statement(
                        Expression(
                            Number(
                                10.0,
                            ),
                        ),
                        None,
                    ),
                    Statement(
                        Expression(
                            Number(
                                20.0,
                            ),
                        ),
                        None,
                    ),
                    Statement(
                        Expression(
                            Number(
                                30.0,
                            ),
                        ),
                        None,
                    ),
                ],
                (),
            ),
        ),
    ],
)
