---
source: tests/grammar/alpha034.rs
expression: "parse(\"true then 1 + 2 else false then 5 else 6\").unwrap()"
---
Statement(
    [
        Expression(
            Ternary(
                Boolean(
                    true,
                ),
                Add(
                    Number(
                        1.0,
                    ),
                    Number(
                        2.0,
                    ),
                ),
                Ternary(
                    Boolean(
                        false,
                    ),
                    Number(
                        5.0,
                    ),
                    Number(
                        6.0,
                    ),
                ),
            ),
        ),
    ],
)
