---
source: tests/grammar/alpha034.rs
expression: "parse(\"a = 10 + 2\").unwrap()"
---
Statement(
    [
        VariableSet(
            "a",
            Add(
                Number(
                    10.0,
                ),
                Number(
                    2.0,
                ),
            ),
        ),
    ],
)
