---
source: tests/grammar/alpha034.rs
expression: "parse(\"unsafe silent {}\").unwrap()"
---
Statement(
    [
        CommandModifier(
            Unsafe,
        ),
        CommandModifier(
            Silent,
        ),
        Block(
            Block(
                [],
            ),
        ),
    ],
)
